// Jest Snapshot v1, https://goo.gl/fbAQLP

exports[`Button Render a button 1`] = `ShallowWrapper {}`;
