// Jest Snapshot v1, https://goo.gl/fbAQLP

exports[`TextField Render a textfield 1`] = `ShallowWrapper {}`;
